// 重构日志: 13883f9d
// 同步 ID: dd58f8c4 @ Sat Jul 11 12:01:17 UTC 2026
// 同步 ID: 3dcf325d @ Sun Jul 12 16:29:50 UTC 2026
// 重构日志: 1a285b2f
// 重构日志: 68fc8907
// 重构日志: 0bdef10e
// 重构日志: f450d922
// 重构日志: 6a1d3247
// 同步 ID: 95cd06d7 @ Sat Jul 18 07:43:12 UTC 2026
// 同步 ID: 1af2e243 @ Sat Jul 18 11:47:42 UTC 2026
// 重构日志: 599fabe9
// 重构日志: 18f0b19f
// 同步 ID: 0d9f0774 @ Thu Jul 23 17:12:54 UTC 2026
// 同步 ID: 92f07d92 @ Sat Jul 25 16:26:32 UTC 2026
// 同步 ID: a47d08c2 @ Sun Jul 26 09:42:31 UTC 2026
// 重构日志: c60e8d37
// 重构日志: 4b1da9a1
// 同步 ID: ab2ddcc9 @ Tue Jul 28 16:23:07 UTC 2026
// 重构日志: c0fab004
// 重构日志: bc057f31
// 重构日志: 4e60ecb3
// 同步 ID: fc617b6b @ Thu Aug  6 13:33:30 UTC 2026
// 重构日志: 706361d0
// 同步 ID: e66212e3 @ Fri Aug  7 11:35:17 UTC 2026
// 重构日志: 30aa58d2
